---
source: tests/prefix.rs
expression: handle.render()
---
"# TYPE pref_http_requests_total counter\npref_http_requests_total{method=\"GET\",status=\"200\",endpoint=\"/\"} 1\n\n# TYPE pref_http_requests_pending gauge\npref_http_requests_pending{method=\"GET\",endpoint=\"/\"} 0\n\n# TYPE pref_http_requests_duration_seconds histogram\npref_http_requests_duration_seconds_bucket{method=\"GET\",status=\"200\",endpoint=\"/\",le=\"0.005\"} 1\npref_http_requests_duration_seconds_bucket{method=\"GET\",status=\"200\",endpoint=\"/\",le=\"0.01\"} 1\npref_http_requests_duration_seconds_bucket{method=\"GET\",status=\"200\",endpoint=\"/\",le=\"0.025\"} 1\npref_http_requests_duration_seconds_bucket{method=\"GET\",status=\"200\",endpoint=\"/\",le=\"0.05\"} 1\npref_http_requests_duration_seconds_bucket{method=\"GET\",status=\"200\",endpoint=\"/\",le=\"0.1\"} 1\npref_http_requests_duration_seconds_bucket{method=\"GET\",status=\"200\",endpoint=\"/\",le=\"0.25\"} 1\npref_http_requests_duration_seconds_bucket{method=\"GET\",status=\"200\",endpoint=\"/\",le=\"0.5\"} 1\npref_http_requests_duration_seconds_bucket{method=\"GET\",status=\"200\",endpoint=\"/\",le=\"1\"} 1\npref_http_requests_duration_seconds_bucket{method=\"GET\",status=\"200\",endpoint=\"/\",le=\"2.5\"} 1\npref_http_requests_duration_seconds_bucket{method=\"GET\",status=\"200\",endpoint=\"/\",le=\"5\"} 1\npref_http_requests_duration_seconds_bucket{method=\"GET\",status=\"200\",endpoint=\"/\",le=\"10\"} 1\npref_http_requests_duration_seconds_bucket{method=\"GET\",status=\"200\",endpoint=\"/\",le=\"+Inf\"} 1\npref_http_requests_duration_seconds_sum{method=\"GET\",status=\"200\",endpoint=\"/\"} {method=\"GET\",status=\"200\",endpoint=\"/\"} 1\n\n"

